2026-08-24 01:17:22 launcher started, dir=G:\.sans\Desktop\Hararu播放器\
2026-08-24 01:17:23 starting node: G:\nodejs\node.exe
2026-08-24 01:17:23 node pid=4212
2026-08-24 01:17:24 server up after ~0ms
2026-08-24 01:17:24 opening edge: C:\Program Files (x86)\Microsoft\Edge\Application\msedge.exe
2026-08-24 01:17:24 edge opened
2026-08-24 01:17:24 launcher done, node stays running
2026-08-24 01:18:37 launcher started, dir=G:\.sans\Desktop\Hararu播放器\
2026-08-24 01:18:38 starting node: G:\nodejs\node.exe
2026-08-24 01:18:38 node pid=9896
2026-08-24 01:18:38 server up after ~0ms
2026-08-24 01:18:38 opening edge: C:\Program Files (x86)\Microsoft\Edge\Application\msedge.exe
2026-08-24 01:18:38 edge opened
2026-08-24 01:18:38 launcher done, node stays running
2026-08-24 01:18:46 launcher started, dir=G:\.sans\Desktop\Hararu播放器\
2026-08-24 01:18:47 starting node: G:\nodejs\node.exe
2026-08-24 01:18:47 node pid=11468
2026-08-24 01:18:48 server up after ~250ms
2026-08-24 01:18:48 opening edge: C:\Program Files (x86)\Microsoft\Edge\Application\msedge.exe
2026-08-24 01:18:48 edge opened
2026-08-24 01:18:48 launcher done, node stays running
2026-08-24 10:12:25 launcher started, dir=G:\.sans\Desktop\Hararu播放器\
2026-08-24 10:12:26 starting node: G:\nodejs\node.exe
2026-08-24 10:12:26 node pid=3576
2026-08-24 10:12:26 server up after ~0ms
2026-08-24 10:12:26 opening edge: C:\Program Files (x86)\Microsoft\Edge\Application\msedge.exe
2026-08-24 10:12:26 edge opened
2026-08-24 10:12:26 launcher done, node stays running
2026-08-24 13:30:06 launcher started, dir=G:\.sans\Desktop\Hararu播放器\
2026-08-24 13:30:07 starting node: G:\nodejs\node.exe
2026-08-24 13:30:07 node pid=16116
2026-08-24 13:30:07 server up after ~0ms
2026-08-24 13:30:07 opening edge: C:\Program Files (x86)\Microsoft\Edge\Application\msedge.exe
2026-08-24 13:30:07 edge opened
2026-08-24 13:30:07 launcher done, node stays running
